---
source: crates/cella-codegen/src/ir/lower/mod.rs
expression: result
---
[
    Alias(
        IrAlias {
            name: "Anything",
            doc: Some(
                "A free-form value",
            ),
            ty: Value,
        },
    ),
    Alias(
        IrAlias {
            name: "Root",
            doc: None,
            ty: Value,
        },
    ),
]
