---
source: crates/cella-features/src/dockerfile.rs
expression: result
---
ARG _DEV_CONTAINERS_BASE_IMAGE=ubuntu:22.04
ARG _DEV_CONTAINERS_IMAGE_USER=root
ARG _DEV_CONTAINERS_FEATURE_CONTENT_SOURCE

FROM $_DEV_CONTAINERS_BASE_IMAGE AS dev_containers_target_stage

# Feature: feature-a (ghcr.io/example/feature-a:1)
COPY --chown=root:root feature-a/ /tmp/dev-container-features/feature-a/
RUN chmod +x /tmp/dev-container-features/feature-a/install.sh \
    && cd /tmp/dev-container-features/feature-a \
    && ./install.sh

# Entrypoint init script
COPY docker-init.sh /usr/local/share/docker-init.sh
RUN chmod +x /usr/local/share/docker-init.sh

# Cleanup
RUN rm -rf /tmp/dev-container-features
