---
source: crates/cella-codegen/src/schema/parse.rs
expression: result
---
ParsedSchema {
    definitions: {},
    root: SchemaNode {
        description: None,
        deprecated: false,
        schema_type: Some(
            Single(
                Object,
            ),
        ),
        properties: {},
        required: [],
        additional_properties: Some(
            Bool(
                false,
            ),
        ),
        pattern_properties: {},
        items: None,
        one_of: [],
        all_of: [],
        any_of: [],
        enum_values: [],
        ref: None,
        minimum: None,
        maximum: None,
        unevaluated_properties: None,
        definitions: {},
    },
}
