---
source: crates/cella-codegen/src/schema/parse.rs
expression: result
---
ParsedSchema {
    definitions: {
        "Bar": SchemaNode {
            description: None,
            deprecated: false,
            schema_type: Some(
                Single(
                    Integer,
                ),
            ),
            properties: {},
            required: [],
            additional_properties: None,
            pattern_properties: {},
            items: None,
            one_of: [],
            all_of: [],
            any_of: [],
            enum_values: [],
            ref: None,
            minimum: None,
            maximum: None,
            unevaluated_properties: None,
            definitions: {},
        },
        "Foo": SchemaNode {
            description: None,
            deprecated: false,
            schema_type: Some(
                Single(
                    String,
                ),
            ),
            properties: {},
            required: [],
            additional_properties: None,
            pattern_properties: {},
            items: None,
            one_of: [],
            all_of: [],
            any_of: [],
            enum_values: [],
            ref: None,
            minimum: None,
            maximum: None,
            unevaluated_properties: None,
            definitions: {},
        },
    },
    root: SchemaNode {
        description: None,
        deprecated: false,
        schema_type: Some(
            Single(
                Object,
            ),
        ),
        properties: {},
        required: [],
        additional_properties: None,
        pattern_properties: {},
        items: None,
        one_of: [],
        all_of: [],
        any_of: [],
        enum_values: [],
        ref: None,
        minimum: None,
        maximum: None,
        unevaluated_properties: None,
        definitions: {
            "Bar": SchemaNode {
                description: None,
                deprecated: false,
                schema_type: Some(
                    Single(
                        Integer,
                    ),
                ),
                properties: {},
                required: [],
                additional_properties: None,
                pattern_properties: {},
                items: None,
                one_of: [],
                all_of: [],
                any_of: [],
                enum_values: [],
                ref: None,
                minimum: None,
                maximum: None,
                unevaluated_properties: None,
                definitions: {},
            },
            "Foo": SchemaNode {
                description: None,
                deprecated: false,
                schema_type: Some(
                    Single(
                        String,
                    ),
                ),
                properties: {},
                required: [],
                additional_properties: None,
                pattern_properties: {},
                items: None,
                one_of: [],
                all_of: [],
                any_of: [],
                enum_values: [],
                ref: None,
                minimum: None,
                maximum: None,
                unevaluated_properties: None,
                definitions: {},
            },
        },
    },
}
